// Vitest Snapshot v1

exports[`App > renders with no props as expected 1`] = `
<DocumentFragment>
  <div
    class="App"
  >
    <h1>
      Vordle
    </h1>
    <h2>
      Example
    </h2>
    <p>
      <span
        style="color: green;"
      >
        A
      </span>
      UDIO 
      <br />
      <span
        style="color: green;"
      >
        A
      </span>
      NGL
      <span
        style="color: yellow;"
      >
        E
      </span>
       
      <br />
      ...
      <br />
      <span
        style="color: green;"
      >
        AMBER
      </span>
      <br />
      <span
        class="correct"
        data-testid="ANGLE-0"
      >
        A
      </span>
      <span
        class="incorrect"
        data-testid="ANGLE-1"
      >
        N
      </span>
      <span
        class="incorrect"
        data-testid="ANGLE-2"
      >
        G
      </span>
      <span
        class="incorrect"
        data-testid="ANGLE-3"
      >
        L
      </span>
      <span
        class="misplaced"
        data-testid="ANGLE-4"
      >
        E
      </span>
    </p>
    <div
      class="card"
    >
      <input
        type="text"
      />
      <button>
        Guess
      </button>
    </div>
    <p
      class="read-the-docs"
    >
      Click on the Vite and React logos to learn more!
    </p>
  </div>
</DocumentFragment>
`;
